Initial RSS: Current: 0.00MB, Peak: 0.00MB
Running fetch...

=== Fetch Complete ===
Outlets processed: 115
New stories saved: 109
Duplicates skipped: 4035
Errors: 188
======================

After fetch: Current: 21.68MB, Peak: 43.98MB
Running clustering...

=== Cluster Run Complete ===
Stories processed: 91
New clusters created: 32
Stories added to existing clusters: 55
===========================

After clustering: Current: 21.40MB, Peak: 43.98MB
Running scoring...
Backfill progress: 100/1000 clusters
Backfill progress: 200/1000 clusters
Backfill progress: 300/1000 clusters
Backfill progress: 400/1000 clusters
Backfill progress: 500/1000 clusters
Backfill progress: 600/1000 clusters
Backfill progress: 700/1000 clusters
Backfill progress: 800/1000 clusters
Backfill progress: 900/1000 clusters
Backfill progress: 1000/1000 clusters
Backfill complete: 1000 clusters updated
After scoring: Current: 23.39MB, Peak: 43.98MB
Running framing...
After framing: Current: 22.55MB, Peak: 43.98MB

--- Loop 2 ---

=== Fetch Complete ===
Outlets processed: 115
New stories saved: 9
Duplicates skipped: 4206
Errors: 198
======================

After fetch 2: Current: 23.19MB, Peak: 43.98MB

=== Cluster Run Complete ===
Stories processed: 9
New clusters created: 1
Stories added to existing clusters: 7
===========================

After clustering 2: Current: 23.18MB, Peak: 43.98MB
Backfill progress: 100/1000 clusters
Backfill progress: 200/1000 clusters
Backfill progress: 300/1000 clusters
Backfill progress: 400/1000 clusters
Backfill progress: 500/1000 clusters
Backfill progress: 600/1000 clusters
Backfill progress: 700/1000 clusters
Backfill progress: 800/1000 clusters
Backfill progress: 900/1000 clusters
Backfill progress: 1000/1000 clusters
Backfill complete: 1000 clusters updated
After scoring 2: Current: 23.39MB, Peak: 43.98MB
After framing 2: Current: 23.39MB, Peak: 43.98MB

--- Loop 3 ---

=== Fetch Complete ===
Outlets processed: 115
New stories saved: 15
Duplicates skipped: 4133
Errors: 190
======================

After fetch 3: Current: 23.19MB, Peak: 43.98MB

=== Cluster Run Complete ===
Stories processed: 16
New clusters created: 4
Stories added to existing clusters: 11
===========================

After clustering 3: Current: 22.64MB, Peak: 43.98MB
